// Vitest Snapshot v1, https://vitest.dev/guide/snapshot.html

exports[`module exports > exposes the correct data from countries 1`] = `
{
  "AFGHANISTAN": "AF",
  "ALAND_ISLANDS": "AX",
  "ALBANIA": "AL",
  "ALGERIA": "DZ",
  "ALL_COUNTRIES": [
    "AF",
    "AX",
    "AL",
    "DZ",
    "AS",
    "VI",
    "AD",
    "AO",
    "AI",
    "AQ",
    "AG",
    "AR",
    "AM",
    "AW",
    "AU",
    "AT",
    "AZ",
    "BS",
    "BH",
    "BD",
    "BB",
    "BY",
    "BE",
    "BZ",
    "BJ",
    "BM",
    "BT",
    "BO",
    "BA",
    "BW",
    "BV",
    "BR",
    "IO",
    "VG",
    "BN",
    "BG",
    "BF",
    "BI",
    "CV",
    "KH",
    "CM",
    "CA",
    "KY",
    "CF",
    "TD",
    "CL",
    "CN",
    "CX",
    "CC",
    "CO",
    "KM",
    "CG",
    "CD",
    "CK",
    "CR",
    "CI",
    "HR",
    "CU",
    "CW",
    "CY",
    "CZ",
    "DK",
    "DJ",
    "DM",
    "DO",
    "BQ",
    "EC",
    "EG",
    "SV",
    "GQ",
    "ER",
    "EE",
    "SZ",
    "ET",
    "FK",
    "FO",
    "FJ",
    "FI",
    "FR",
    "GF",
    "PF",
    "TF",
    "GA",
    "GM",
    "GE",
    "DE",
    "GH",
    "GI",
    "GR",
    "GL",
    "GD",
    "GP",
    "GU",
    "GT",
    "GG",
    "GN",
    "GW",
    "GY",
    "HT",
    "HM",
    "VA",
    "HN",
    "HK",
    "HU",
    "IS",
    "IN",
    "ID",
    "IR",
    "IQ",
    "IE",
    "IM",
    "IL",
    "IT",
    "JM",
    "JP",
    "JE",
    "JO",
    "KZ",
    "KE",
    "KI",
    "KR",
    "XK",
    "KW",
    "KG",
    "LA",
    "LV",
    "LB",
    "LS",
    "LR",
    "LY",
    "LI",
    "LT",
    "LU",
    "MO",
    "MG",
    "MW",
    "MY",
    "MV",
    "ML",
    "MT",
    "MH",
    "MQ",
    "MR",
    "MU",
    "YT",
    "MX",
    "FM",
    "MD",
    "MC",
    "MN",
    "ME",
    "MS",
    "MA",
    "MZ",
    "MM",
    "NA",
    "NR",
    "NP",
    "NL",
    "NC",
    "NZ",
    "NI",
    "NE",
    "NG",
    "NU",
    "NF",
    "MP",
    "MK",
    "NO",
    "OM",
    "PK",
    "PW",
    "PS",
    "PA",
    "PG",
    "PY",
    "PE",
    "PH",
    "PN",
    "PL",
    "PT",
    "PR",
    "QA",
    "RE",
    "RO",
    "RU",
    "RW",
    "BL",
    "SH",
    "KN",
    "LC",
    "MF",
    "PM",
    "VC",
    "WS",
    "SM",
    "ST",
    "SA",
    "SN",
    "RS",
    "SC",
    "SL",
    "SG",
    "SX",
    "SK",
    "SI",
    "SB",
    "SO",
    "ZA",
    "GS",
    "SS",
    "ES",
    "LK",
    "SD",
    "SR",
    "SJ",
    "SE",
    "CH",
    "SY",
    "TW",
    "TJ",
    "TZ",
    "TH",
    "TL",
    "TG",
    "TK",
    "TO",
    "TT",
    "TN",
    "TR",
    "TM",
    "TC",
    "TV",
    "UG",
    "UA",
    "AE",
    "GB",
    "UM",
    "US",
    "UY",
    "UZ",
    "VU",
    "VE",
    "VN",
    "WF",
    "EH",
    "YE",
    "ZM",
    "ZW",
  ],
  "AMERICAN_SAMOA": "AS",
  "AMERICAN_VIRGIN_ISLANDS": "VI",
  "ANDORRA": "AD",
  "ANGOLA": "AO",
  "ANGUILLA": "AI",
  "ANTARCTICA": "AQ",
  "ANTIGUA_AND_BARBUDA": "AG",
  "ARGENTINA": "AR",
  "ARMENIA": "AM",
  "ARUBA": "AW",
  "AUSTRALIA": "AU",
  "AUSTRIA": "AT",
  "AZERBAIJAN": "AZ",
  "BAHAMAS": "BS",
  "BAHRAIN": "BH",
  "BANGLADESH": "BD",
  "BARBADOS": "BB",
  "BELARUS": "BY",
  "BELGIUM": "BE",
  "BELIZE": "BZ",
  "BENIN": "BJ",
  "BERMUDA": "BM",
  "BHUTAN": "BT",
  "BOLIVIA": "BO",
  "BOSNIA_AND_HERZEGOVINA": "BA",
  "BOTSWANA": "BW",
  "BOUVET_ISLAND": "BV",
  "BRAZIL": "BR",
  "BRITISH_INDIAN_OCEAN_TERRITORY": "IO",
  "BRITISH_VIRGIN_ISLANDS": "VG",
  "BRUNEI_DARUSSALAM": "BN",
  "BULGARIA": "BG",
  "BURKINA_FASO": "BF",
  "BURUNDI": "BI",
  "CABO_VERDE": "CV",
  "CAMBODIA": "KH",
  "CAMEROON": "CM",
  "CANADA": "CA",
  "CAYMAN_ISLANDS": "KY",
  "CENTRAL_AFRICAN_REPUBLIC": "CF",
  "CHAD": "TD",
  "CHILE": "CL",
  "CHINA": "CN",
  "CHRISTMAS_ISLAND": "CX",
  "COCOS_ISLANDS": "CC",
  "COLOMBIA": "CO",
  "COMOROS": "KM",
  "CONGO_BRAZZAVILLE": "CG",
  "CONGO_KINSHASA": "CD",
  "COOK_ISLANDS": "CK",
  "COSTA_RICA": "CR",
  "COTE_D_IVOIRE": "CI",
  "CROATIA": "HR",
  "CUBA": "CU",
  "CURACAO": "CW",
  "CYPRUS": "CY",
  "CZECH_REPUBLIC": "CZ",
  "DENMARK": "DK",
  "DJIBOUTI": "DJ",
  "DOMINICA": "DM",
  "DOMINICAN_REPUBLIC": "DO",
  "DUTCH_ANTILLES": "BQ",
  "ECUADOR": "EC",
  "EGYPT": "EG",
  "EL_SALVADOR": "SV",
  "EQUATORIAL_GUINEA": "GQ",
  "ERITREA": "ER",
  "ESTONIA": "EE",
  "ESWATINI": "SZ",
  "ETHIOPIA": "ET",
  "EU_COUNTRIES": [
    "AT",
    "BE",
    "BG",
    "HR",
    "CY",
    "CZ",
    "DK",
    "EE",
    "FI",
    "FR",
    "DE",
    "GR",
    "HU",
    "IE",
    "IT",
    "LV",
    "LT",
    "LU",
    "MT",
    "NL",
    "PL",
    "PT",
    "RO",
    "SK",
    "SI",
    "ES",
    "SE",
  ],
  "FALKLAND_ISLANDS": "FK",
  "FAROE_ISLANDS": "FO",
  "FIJI": "FJ",
  "FINLAND": "FI",
  "FRANCE": "FR",
  "FRENCH_GUIANA": "GF",
  "FRENCH_POLYNESIA": "PF",
  "FRENCH_SOUTHERN_TERRITORIES": "TF",
  "GABON": "GA",
  "GAMBIA": "GM",
  "GEORGIA": "GE",
  "GERMANY": "DE",
  "GHANA": "GH",
  "GIBRALTAR": "GI",
  "GREECE": "GR",
  "GREENLAND": "GL",
  "GRENADA": "GD",
  "GUADELOUPE": "GP",
  "GUAM": "GU",
  "GUATEMALA": "GT",
  "GUERNSEY": "GG",
  "GUINEA": "GN",
  "GUINEA_BISSAU": "GW",
  "GUYANA": "GY",
  "HAITI": "HT",
  "HEARD_ISLAND_AND_MCDONALD_ISLANDS": "HM",
  "HOLY_SEE": "VA",
  "HONDURAS": "HN",
  "HONG_KONG": "HK",
  "HUNGARY": "HU",
  "ICELAND": "IS",
  "INDIA": "IN",
  "INDONESIA": "ID",
  "IRAN": "IR",
  "IRAQ": "IQ",
  "IRELAND": "IE",
  "ISLE_OF_MAN": "IM",
  "ISRAEL": "IL",
  "ITALY": "IT",
  "JAMAICA": "JM",
  "JAPAN": "JP",
  "JERSEY": "JE",
  "JORDAN": "JO",
  "KAZAKHSTAN": "KZ",
  "KENYA": "KE",
  "KIRIBATI": "KI",
  "KOREA": "KR",
  "KOSOVO": "XK",
  "KUWAIT": "KW",
  "KYRGYZSTAN": "KG",
  "LAO_PEOPLE_DEMOCRATIC_REPUBLIC": "LA",
  "LATVIA": "LV",
  "LEBANON": "LB",
  "LESOTHO": "LS",
  "LIBERIA": "LR",
  "LIBYA": "LY",
  "LIECHTENSTEIN": "LI",
  "LITHUANIA": "LT",
  "LUXEMBOURG": "LU",
  "MACAO": "MO",
  "MADAGASCAR": "MG",
  "MALAWI": "MW",
  "MALAYSIA": "MY",
  "MALDIVES": "MV",
  "MALI": "ML",
  "MALTA": "MT",
  "MARSHALL_ISLANDS": "MH",
  "MARTINIQUE": "MQ",
  "MAURITANIA": "MR",
  "MAURITIUS": "MU",
  "MAYOTTE": "YT",
  "MEXICO": "MX",
  "MICRONESIA": "FM",
  "MOLDOVA": "MD",
  "MONACO": "MC",
  "MONGOLIA": "MN",
  "MONTENEGRO": "ME",
  "MONTSERRAT": "MS",
  "MOROCCO": "MA",
  "MOZAMBIQUE": "MZ",
  "MYANMAR": "MM",
  "NAMIBIA": "NA",
  "NAURU": "NR",
  "NEPAL": "NP",
  "NETHERLANDS": "NL",
  "NEW_CALEDONIA": "NC",
  "NEW_ZEALAND": "NZ",
  "NICARAGUA": "NI",
  "NIGER": "NE",
  "NIGERIA": "NG",
  "NIUE": "NU",
  "NORFOLK_ISLAND": "NF",
  "NORTHERN_MARIANA_ISLANDS": "MP",
  "NORTH_MACEDONIA": "MK",
  "NORWAY": "NO",
  "OMAN": "OM",
  "PAKISTAN": "PK",
  "PALAU": "PW",
  "PALESTINE": "PS",
  "PANAMA": "PA",
  "PAPUA_NEW_GUINEA": "PG",
  "PARAGUAY": "PY",
  "PERU": "PE",
  "PHILIPPINES": "PH",
  "PITCAIRN": "PN",
  "POLAND": "PL",
  "PORTUGAL": "PT",
  "PUERTO_RICO": "PR",
  "QATAR": "QA",
  "REUNION": "RE",
  "ROMANIA": "RO",
  "RUSSIAN_FEDERATION": "RU",
  "RWANDA": "RW",
  "SAINT_BARTHELEMY": "BL",
  "SAINT_HELENA": "SH",
  "SAINT_KITTS_AND_NEVIS": "KN",
  "SAINT_LUCIA": "LC",
  "SAINT_MARTIN": "MF",
  "SAINT_PIERRE_AND_MIQUELON": "PM",
  "SAINT_VINCENT_AND_THE_GRENADINES": "VC",
  "SAMOA": "WS",
  "SAN_MARINO": "SM",
  "SAO_TOME_AND_PRINCIPE": "ST",
  "SAUDI_ARABIA": "SA",
  "SENEGAL": "SN",
  "SERBIA": "RS",
  "SEYCHELLES": "SC",
  "SIERRA_LEONE": "SL",
  "SINGAPORE": "SG",
  "SINT_MAARTEN": "SX",
  "SLOVAKIA": "SK",
  "SLOVENIA": "SI",
  "SOLOMON_ISLANDS": "SB",
  "SOMALIA": "SO",
  "SOUTH_AFRICA": "ZA",
  "SOUTH_GEORGIA_AND_THE_SOUTH_SANDWICH_ISLANDS": "GS",
  "SOUTH_SUDAN": "SS",
  "SPAIN": "ES",
  "SRI_LANKA": "LK",
  "SUDAN": "SD",
  "SURINAME": "SR",
  "SVALBARD_AND_JAN_MAYEN": "SJ",
  "SWEDEN": "SE",
  "SWITZERLAND": "CH",
  "SYRIAN_ARAB_REPUBLIC": "SY",
  "TAIWAN": "TW",
  "TAJIKISTAN": "TJ",
  "TANZANIA": "TZ",
  "THAILAND": "TH",
  "TIMOR_LESTE": "TL",
  "TOGO": "TG",
  "TOKELAU": "TK",
  "TONGA": "TO",
  "TRINIDAD_AND_TOBAGO": "TT",
  "TUNISIA": "TN",
  "TURKEY": "TR",
  "TURKMENISTAN": "TM",
  "TURKS_AND_CAICOS_ISLANDS": "TC",
  "TUVALU": "TV",
  "UGANDA": "UG",
  "UKRAINE": "UA",
  "UNITED_ARAB_EMIRATES": "AE",
  "UNITED_KINGDOM": "GB",
  "UNITED_STATES_MINOR_OUTLYING_ISLANDS": "UM",
  "UNITED_STATES_OF_AMERICA": "US",
  "URUGUAY": "UY",
  "UZBEKISTAN": "UZ",
  "VANUATU": "VU",
  "VENEZUELA": "VE",
  "VIETNAM": "VN",
  "WALLIS_AND_FUTUNA": "WF",
  "WESTERN_SAHARA": "EH",
  "YEMEN": "YE",
  "ZAMBIA": "ZM",
  "ZIMBABWE": "ZW",
}
`;

exports[`module exports > exposes the correct data from index 1`] = `
{
  "CARRIER_IDS_TO_NAMES": {
    "1": "postnl",
    "10": "dhlparcelconnect",
    "11": "dhleuroplus",
    "12": "upsstandard",
    "13": "upsexpresssaver",
    "14": "gls",
    "15": "brt",
    "16": "trunkrs",
    "2": "bpost",
    "3": "cheapcargo",
    "4": "dpd",
    "5": "instabox",
    "6": "dhl",
    "7": "bol.com",
    "8": "ups",
    "9": "dhlforyou",
  },
  "CARRIER_NAMES_TO_IDS": {
    "bol.com": 7,
    "bpost": 2,
    "brt": 15,
    "cheapcargo": 3,
    "dhl": 6,
    "dhleuroplus": 11,
    "dhlforyou": 9,
    "dhlparcelconnect": 10,
    "dpd": 4,
    "gls": 14,
    "instabox": 5,
    "postnl": 1,
    "trunkrs": 16,
    "ups": 8,
    "upsexpresssaver": 13,
    "upsstandard": 12,
  },
  "CarrierId": {
    "1": "PostNl",
    "10": "DhlParcelConnect",
    "11": "DhlEuroPlus",
    "12": "UpsStandard",
    "13": "UpsExpressSaver",
    "14": "Gls",
    "15": "Brt",
    "16": "Trunkrs",
    "2": "Bpost",
    "3": "CheapCargo",
    "4": "Dpd",
    "5": "Instabox",
    "6": "Dhl",
    "7": "bol",
    "8": "Ups",
    "9": "DhlForYou",
    "Bol": 7,
    "Bpost": 2,
    "CheapCargo": 3,
    "Dhl": 6,
    "DhlEuroPlus": 11,
    "DhlForYou": 9,
    "DhlParcelConnect": 10,
    "Dpd": 4,
    "Instabox": 5,
    "PostNl": 1,
    "Ups": 8,
  },
  "CarrierName": {
    "Bol": "bol.com",
    "Bpost": "bpost",
    "Brt": "brt",
    "CheapCargo": "cheapcargo",
    "Dhl": "dhl",
    "DhlEuroPlus": "dhleuroplus",
    "DhlForYou": "dhlforyou",
    "DhlParcelConnect": "dhlparcelconnect",
    "Dpd": "dpd",
    "Gls": "gls",
    "Instabox": "instabox",
    "PostNl": "postnl",
    "Trunkrs": "trunkrs",
    "Ups": "ups",
    "UpsExpressSaver": "upsexpresssaver",
    "UpsStandard": "upsstandard",
  },
  "CustomsDeclarationContents": {
    "1": "CommercialGoods",
    "2": "CommercialSamples",
    "3": "Documents",
    "4": "Gifts",
    "5": "ReturnShipment",
    "CommercialGoods": 1,
    "CommercialSamples": 2,
    "Documents": 3,
    "Gifts": 4,
    "ReturnShipment": 5,
  },
  "DELIVERY_TYPE_IDS_TO_NAMES": {
    "1": "morning",
    "2": "standard",
    "3": "evening",
    "4": "pickup",
    "7": "express",
  },
  "DELIVERY_TYPE_NAMES_TO_IDS": {
    "evening": 3,
    "express": 7,
    "morning": 1,
    "pickup": 4,
    "standard": 2,
  },
  "DeliveryTypeId": {
    "1": "Morning",
    "2": "Standard",
    "3": "Evening",
    "4": "Pickup",
    "7": "Express",
    "Evening": 3,
    "Express": 7,
    "Morning": 1,
    "Pickup": 4,
    "Standard": 2,
  },
  "DeliveryTypeName": {
    "Evening": "evening",
    "Express": "express",
    "Morning": "morning",
    "Pickup": "pickup",
    "Standard": "standard",
  },
  "PACKAGE_TYPE_IDS_TO_NAMES": {
    "1": "package",
    "2": "mailbox",
    "3": "letter",
    "4": "digital_stamp",
    "5": "pallet",
    "6": "small_parcel",
  },
  "PACKAGE_TYPE_NAMES_TO_IDS": {
    "digital_stamp": 4,
    "letter": 3,
    "mailbox": 2,
    "package": 1,
    "pallet": 5,
    "small_parcel": 6,
  },
  "PLATFORM_IDS_TO_DOMAINS": {
    "1": "myparcel.nl",
    "2": "flespakket.nl",
    "3": "sendmyparcel.be",
  },
  "PLATFORM_IDS_TO_NAMES": {
    "1": "myparcel",
    "2": "flespakket",
    "3": "belgie",
  },
  "PLATFORM_NAMES_TO_DOMAINS": {
    "belgie": "sendmyparcel.be",
    "flespakket": "flespakket.nl",
    "myparcel": "myparcel.nl",
  },
  "PLATFORM_NAMES_TO_IDS": {
    "belgie": 3,
    "flespakket": 2,
    "myparcel": 1,
  },
  "PackageTypeId": {
    "1": "Package",
    "2": "Mailbox",
    "3": "Letter",
    "4": "DigitalStamp",
    "5": "Pallet",
    "6": "SmallParcel",
    "DigitalStamp": 4,
    "Letter": 3,
    "Mailbox": 2,
    "Package": 1,
    "Pallet": 5,
    "SmallParcel": 6,
  },
  "PackageTypeName": {
    "DigitalStamp": "digital_stamp",
    "Letter": "letter",
    "Mailbox": "mailbox",
    "Package": "package",
    "Pallet": "pallet",
    "SmallParcel": "small_parcel",
  },
  "PlatformDomain": {
    "Flespakket": "flespakket.nl",
    "MyParcel": "myparcel.nl",
    "SendMyParcel": "sendmyparcel.be",
  },
  "PlatformId": {
    "1": "MyParcel",
    "2": "Flespakket",
    "3": "SendMyParcel",
    "Flespakket": 2,
    "MyParcel": 1,
    "SendMyParcel": 3,
  },
  "PlatformName": {
    "Flespakket": "flespakket",
    "MyParcel": "myparcel",
    "SendMyParcel": "belgie",
  },
  "SHIPMENT_STATUS_DELIVERED": [
    7,
    8,
    9,
    10,
    11,
  ],
  "SHIPMENT_STATUS_EN_ROUTE": [
    3,
    4,
    5,
    6,
  ],
  "SHIPMENT_STATUS_INACTIVE": [
    13,
    30,
    31,
    32,
    33,
    34,
    35,
    36,
    37,
    38,
  ],
  "SHIPMENT_STATUS_PENDING": [
    1,
    2,
  ],
  "SHIPMENT_STATUS_PRINTED": [
    12,
    14,
  ],
  "ShipmentOptionName": {
    "AgeCheck": "age_check",
    "Collect": "collect",
    "CooledDelivery": "cooled_delivery",
    "Insurance": "insurance",
    "LargeFormat": "large_format",
    "OnlyRecipient": "only_recipient",
    "PrinterlessReturn": "printerless_return",
    "Return": "return",
    "SameDayDelivery": "same_day_delivery",
    "Signature": "signature",
  },
  "ShipmentStatus": {
    "1": "PendingConcept",
    "10": "DeliveredReturnShipmentReadyForPickup",
    "11": "DeliveredReturnShipmentPackagePickedUp",
    "12": "PrintedLetter",
    "13": "InactiveCredited",
    "14": "PrintedDigitalStamp",
    "2": "PendingRegistered",
    "3": "EnRouteHandedToCarrier",
    "30": "InactiveConcept",
    "31": "InactiveRegistered",
    "32": "InactiveEnRouteHandedToCarrier",
    "33": "InactiveEnRouteSorting",
    "34": "InactiveEnRouteDistribution",
    "35": "InactiveEnRouteCustoms",
    "36": "InactiveDeliveredAtRecipient",
    "37": "InactiveDeliveredReadyForPickup",
    "38": "InactiveDeliveredPackagePickedUp",
    "4": "EnRouteSorting",
    "5": "EnRouteDistribution",
    "6": "EnRouteCustoms",
    "7": "DeliveredAtRecipient",
    "8": "DeliveredReadyForPickup",
    "9": "DeliveredPackagePickedUp",
    "DeliveredAtRecipient": 7,
    "DeliveredPackagePickedUp": 9,
    "DeliveredReadyForPickup": 8,
    "DeliveredReturnShipmentPackagePickedUp": 11,
    "DeliveredReturnShipmentReadyForPickup": 10,
    "EnRouteCustoms": 6,
    "EnRouteDistribution": 5,
    "EnRouteHandedToCarrier": 3,
    "EnRouteSorting": 4,
    "InactiveConcept": 30,
    "InactiveCredited": 13,
    "InactiveDeliveredAtRecipient": 36,
    "InactiveDeliveredPackagePickedUp": 38,
    "InactiveDeliveredReadyForPickup": 37,
    "InactiveEnRouteCustoms": 35,
    "InactiveEnRouteDistribution": 34,
    "InactiveEnRouteHandedToCarrier": 32,
    "InactiveEnRouteSorting": 33,
    "InactiveRegistered": 31,
    "PendingConcept": 1,
    "PendingRegistered": 2,
    "PrintedDigitalStamp": 14,
    "PrintedLetter": 12,
  },
}
`;

exports[`module exports > exposes the correct data from states 1`] = `
{
  "ALABAMA": "AL",
  "ALASKA": "AK",
  "ALBERTA": "AB",
  "ARIZONA": "AZ",
  "ARKANSAS": "AR",
  "BRITISH_COLUMBIA": "BC",
  "CALIFORNIA": "CA",
  "COLORADO": "CO",
  "CONNECTICUT": "CT",
  "DELAWARE": "DE",
  "FLORIDA": "FL",
  "GEORGIA": "GA",
  "HAWAII": "HI",
  "IDAHO": "ID",
  "ILLINOIS": "IL",
  "INDIANA": "IN",
  "IOWA": "IA",
  "KANSAS": "KS",
  "KENTUCKY": "KY",
  "LOUISIANA": "LA",
  "MAINE": "ME",
  "MANITOBA": "MB",
  "MARYLAND": "MD",
  "MASSACHUSETTS": "MA",
  "MICHIGAN": "MI",
  "MINNESOTA": "MN",
  "MISSISSIPPI": "MS",
  "MISSOURI": "MO",
  "MONTANA": "MT",
  "NEBRASKA": "NE",
  "NEVADA": "NV",
  "NEWFOUNDLAND_AND_LABRADOR": "NL",
  "NEW_BRUNSWICK": "NB",
  "NEW_HAMPSHIRE": "NH",
  "NEW_JERSEY": "NJ",
  "NEW_MEXICO": "NM",
  "NEW_YORK": "NY",
  "NORTHWEST_TERRITORIES": "NT",
  "NORTH_CAROLINA": "NC",
  "NORTH_DAKOTA": "ND",
  "NOVA_SCOTIA": "NS",
  "NUNAVUT": "NU",
  "OHIO": "OH",
  "OKLAHOMA": "OK",
  "ONTARIO": "ON",
  "OREGON": "OR",
  "PENNSYLVANIA": "PA",
  "PRINCE_EDWARD_ISLAND": "PE",
  "QUEBEC": "QC",
  "RHODE_ISLAND": "RI",
  "SASKATCHEWAN": "SK",
  "SOUTH_CAROLINA": "SC",
  "SOUTH_DAKOTA": "SD",
  "STATES_CANADA": [
    "AB",
    "BC",
    "MB",
    "NB",
    "NL",
    "NS",
    "NT",
    "NU",
    "ON",
    "PE",
    "SK",
    "QC",
    "YT",
  ],
  "STATES_US": [
    "AL",
    "AK",
    "AZ",
    "AR",
    "CA",
    "CO",
    "CT",
    "DE",
    "FL",
    "GA",
    "HI",
    "ID",
    "IL",
    "IN",
    "IA",
    "KS",
    "KY",
    "LA",
    "ME",
    "MD",
    "MA",
    "MI",
    "MN",
    "MS",
    "MO",
    "MT",
    "NE",
    "NV",
    "NH",
    "NJ",
    "NM",
    "NY",
    "NC",
    "ND",
    "OH",
    "OK",
    "OR",
    "PA",
    "RI",
    "SC",
    "SD",
    "TN",
    "TX",
    "UT",
    "VT",
    "VA",
    "WA",
    "WV",
    "WI",
    "WY",
  ],
  "TENNESSEE": "TN",
  "TEXAS": "TX",
  "UTAH": "UT",
  "VERMONT": "VT",
  "VIRGINIA": "VA",
  "WASHINGTON": "WA",
  "WEST_VIRGINIA": "WV",
  "WISCONSIN": "WI",
  "WYOMING": "WY",
  "YUKON": "YT",
}
`;
